<Sentence id="1">
1	موسم	unk
2	بہار	unk
3	میں	unk
4	’	unk
5	بیشتر	unk
6	‘	unk
7	امریکی	unk
8	جنگی	unk
9	آپریشنز	unk
10	ختم	unk
</Sentence>

<Sentence id="2">
1	دونوں	unk
2	رہنماؤں	unk
3	نے	unk
4	افغان	unk
5	حکومت	unk
6	اور	unk
7	طالبان	unk
8	کے	unk
9	درمیان	unk
10	دوحا	unk
11	میں	unk
12	بات	unk
13	چیت	unk
14	کرنے	unk
15	کی	unk
16	حمایت	unk
17	بھی	unk
18	کی	unk
19	۔	unk
</Sentence>

<Sentence id="3">
1	طاہر	unk
2	القادری	unk
3	کا	unk
4	کہنا	unk
5	تھا	unk
6	کہ	unk
7	’	unk
8	حکومت	unk
9	دھاندلی	unk
10	،	unk
11	دھونس	unk
12	اور	unk
13	’	unk
14	دہشت	unk
15	گردی	unk
16	‘	unk
17	پر	unk
18	یقین	unk
19	رکھتی	unk
20	ہے	unk
21	مذاکرات	unk
22	پر	unk
23	نہیں	unk
24	۔	unk
</Sentence>

<Sentence id="4">
1	یہ	unk
2	لوگ	unk
3	مذاکرات	unk
4	میں	unk
5	سنجیدہ	unk
6	نہیں	unk
7	ہیں	unk
8	۔	unk
</Sentence>

<Sentence id="5">
1	اب	unk
2	مارکیٹ	unk
3	میں	unk
4	آنے	unk
5	والے	unk
6	نئے	unk
7	جھوٹ	unk
8	کی	unk
9	اطلاع	unk
10	کون	unk
11	دے	unk
12	گا	unk
13	؟	unk
</Sentence>

<Sentence id="6">
1	’	unk
2	حکومت	unk
3	مذاکرات	unk
4	میں	unk
5	سنجیدہ	unk
6	نہیں	unk
7	،	unk
8	مارچ	unk
9	ہو	unk
10	گا	unk
11	‘	unk
</Sentence>

<Sentence id="7">
1	بھارت	unk
2	کی	unk
3	جانب	unk
4	سے	unk
5	یوراج	unk
6	سنگھ	unk
7	نے	unk
8	سب	unk
9	سے	unk
10	زیادہ	unk
11	اکسٹھ	unk
12	رنز	unk
13	بنائے	unk
14	۔	unk
</Sentence>

<Sentence id="8">
1	بھارت	unk
2	کے	unk
3	ابتدائی	unk
4	بلے	unk
5	بازوں	unk
6	نے	unk
7	اننگز	unk
8	کا	unk
9	آغاز	unk
10	انتہائی	unk
11	عمدہ	unk
12	انداز	unk
13	میں	unk
14	کیا	unk
15	۔	unk
</Sentence>

<Sentence id="9">
1	انڈیا	unk
2	کی	unk
3	پہلی	unk
4	وکٹ	unk
5	چھیانوے	unk
6	رنز	unk
7	کے	unk
8	سکور	unk
9	پرگری	unk
10	جب	unk
11	اوپنر	unk
12	ریحانے	unk
13	آؤٹ	unk
14	ہوئے	unk
15	۔	unk
</Sentence>

<Sentence id="10">
1	بھارت	unk
2	کے	unk
3	دوسرے	unk
4	اوپنر	unk
5	گوتھم	unk
6	گھمبیر	unk
7	بھی	unk
8	زیادہ	unk
9	دیر	unk
10	تک	unk
11	وکٹ	unk
12	پر	unk
13	نہ	unk
14	جم	unk
15	سکے	unk
16	اور	unk
17	بھارت	unk
18	کی	unk
19	دوسری	unk
20	وکٹ	unk
21	102	unk
22	کے	unk
23	مجموعی	unk
24	سکور	unk
25	پر	unk
26	گر	unk
27	گئی	unk
28	۔	unk
</Sentence>

