<Sentence id="1">
1	I	unk
2	pattaNamu	unk
3	6,00,000	unk
4	janABAwo	unk
5	rARtraM	unk
6	loni	unk
7	nAlugava	unk
8	peVxxa	unk
9	nagaramu	unk
10	.	unk
</Sentence>

<Sentence id="2">
1	1995eVoOYeVO	unk
2	nagarapAlaka	unk
3	saMsWagA	unk
4	mArca	unk
5	badinaxi	unk
6	.	unk
</Sentence>

<Sentence id="3">
1	rElve	unk
2	jaMkRan	unk
3	:	unk
</Sentence>

<Sentence id="4">
1	ijayavAda	unk
2	,	unk
3	repalleV	unk
4	,	unk
5	macilIpatnaM	unk
6	,	unk
7	hExarAbAxu	unk
8	,	unk
9	mAcarla	unk
10	,	unk
11	weVnAli	unk
12	moVxalEna	unk
13	pattaNAlaku	unk
14	rElu	unk
15	mArgaM	unk
16	xvArA	unk
17	kalapabadi	unk
18	unnaxi.guMtUru-weVnAli	unk
19	rElumArgAnni	unk
20	dabliMg	unk
21	vixyuxIkaraNa	unk
22	,	unk
23	guMtUrulo	unk
24	maro	unk
25	pit	unk
26	lEn	unk
27	erpAtu	unk
28	,	unk
29	nallapAdu	unk
30	-	unk
31	pagidipalli	unk
32	maXya	unk
33	dabliMg	unk
34	,	unk
35	vixyuxIkaraNa	unk
36	,	unk
37	vinukoVMda	unk
38	-JOIN	unk
39	viRNupuraM	unk
40	,	unk
41	nadikudi	unk
42	-JOIN	unk
43	SrIkAlYahaswi	unk
44	nUwana	unk
45	rElu	unk
46	mArgaM	unk
47	erpAtu	unk
48	lAMti	unk
49	panulu	unk
50	peVMdiMg	unk
51	lo	unk
52	unnAyi	unk
53	.	unk
</Sentence>

<Sentence id="5">
1	guMtUru	unk
2	pramuKa	unk
3	vixyA	unk
4	keMxramu	unk
5	mariyu	unk
6	vyApAra	unk
7	keMxramu	unk
8	.	unk
</Sentence>

<Sentence id="6">
1	guMtUru	unk
2	prawyekawalu	unk
</Sentence>

<Sentence id="7">
1	--	unk
2	1868	unk
3	,	unk
4	AgaRtu	unk
5	18	unk
6	na	unk
7	guMtUrulo	unk
8	nuMdi	unk
9	saMpUrNa	unk
10	sUrya	unk
11	grahaNAnni	unk
12	cUswU	unk
13	piyarI	unk
14	jUls	unk
15	sIjar	unk
16	hAnseVn	unk
17	ane	unk
18	SAswravewwa	unk
19	hIliyaM	unk
20	unikini	unk
21	kanugoVnnAdu	unk
22	.	unk
</Sentence>

<Sentence id="8">
1	appati	unk
2	sUryagrahaNaM	unk
3	asAXAraNaMgA	unk
4	10	unk
5	nimuRAla	unk
6	sepu	unk
7	vacci	unk
8	,	unk
9	eVMxaro	unk
10	SAswravewwalanu	unk
11	AkarRiMciMxi	unk
12	.	unk
</Sentence>

<Sentence id="9">
1	--	unk
2	moVxati	unk
3	prayANaMlone	unk
4	munigipoyina	unk
5	appati	unk
6	awi	unk
7	peVxxa	unk
8	prayANIkula	unk
9	oda	unk
10	-	unk
11	tEtAnik	unk
12	nOka	unk
13	lonunna	unk
14	oVka	unk
15	kutuMbaM	unk
16	guMtUru	unk
17	ku	unk
18	saMbaMXiMcinaxi	unk
19	.	unk
</Sentence>

<Sentence id="10">
1	--	unk
2	pAkiswAn	unk
3	erpAtuku	unk
4	karwa	unk
5	ayina	unk
6	moVhammaxu	unk
7	AlI	unk
8	jinnA	unk
9	perita	unk
10	guMtUrulo	unk
11	oVka	unk
12	sWUpaM	unk
13	unnaxi	unk
14	.	unk
</Sentence>

<Sentence id="11">
1	(	unk
2	hiMxU	unk
3	pawrikaloni	unk
4	I	unk
5	vyAsaM	unk
6	xIni	unk
7	prawyekawanu	unk
8	vivariswuMxi	unk
9	)	unk
11	--	unk
12	guMtUru	unk
13	yoVkka	unk
14	prAcIna	unk
15	nAmamu	unk
16	garwapuri	unk
17	.	unk
</Sentence>

<Sentence id="12">
1	--	unk
2	guMtUru	unk
3	nagaraMloni	unk
4	rAmacaMxrApura	unk
5	agrahAraM	unk
6	awipurAwanamEna	unk
7	prAMwaM	unk
8	.	unk
</Sentence>

<Sentence id="13">
1	--	unk
2	svAwaMwrya	unk
3	samarayoXudu	unk
4	,	unk
5	rAjakIyavewwa	unk
6	vAvilAla	unk
7	gopAlakriRNayya	unk
8	gAri	unk
9	janmasWalaM	unk
10	guMtUru	unk
11	.	unk
</Sentence>

<Sentence id="14">
1	--	unk
2	guMtUru	unk
3	nagarAniki	unk
4	vixya	unk
5	,	unk
6	Arogya	unk
7	raMgAlalo	unk
8	maMci	unk
9	gurwiMpu	unk
10	galaxu	unk
11	.	unk
</Sentence>

<Sentence id="15">
1	--	unk
2	keMxrIya	unk
3	vyavasAya	unk
4	pariSoXana	unk
5	keMxramu	unk
6	guMtUru	unk
7	samIpamuloni	unk
8	lAM	unk
9	vaxxa	unk
10	kalaxu	unk
11	.	unk
</Sentence>

<Sentence id="16">
1	iccata	unk
2	viviXa	unk
3	vyavasAya	unk
4	uwpawwulalo	unk
5	sarikroVwwa	unk
6	vaMgadAlanu	unk
7	kanugoVnadAniki	unk
8	pariSoXona	unk
9	jarugunu	unk
10	.	unk
</Sentence>

<Sentence id="17">
1	--	unk
2	guMtUru	unk
3	poVgAku	unk
4	vyApArAniki	unk
5	mariyu	unk
6	mirci	unk
7	,	unk
8	prawwi	unk
9	uwpawwiki	unk
10	bAgA	unk
11	prasixxi	unk
12	ceVMxinaxi	unk
13	.	unk
</Sentence>

<Sentence id="18">
1	--	unk
2	aBrakamu	unk
3	(	unk
4	mEkA	unk
5	)	unk
6	2200	unk
7	saMvawsarAla	unk
8	kriwamu	unk
9	moVxata	unk
10	guMtUru	unk
11	prAMwamu	unk
12	loVne	unk
13	kanugoVnapadiMxi	unk
14	.	unk
</Sentence>

<Sentence id="19">
1	--	unk
2	woVli	unk
3	BArawa	unk
4	kalYASAlalo	unk
5	oVkatEna	unk
6	AMXra	unk
7	krEswava	unk
8	kalYASAla	unk
9	1885	unk
10	loV	unk
11	guMtUrulo	unk
12	sWApiMcabadinaxi	unk
13	.	unk
</Sentence>

<Sentence id="20">
1	guMtUru	unk
2	maMdalaMloni	unk
3	grAmAlu	unk
</Sentence>

<Sentence id="21">
1	--	unk
2	cinapalakalUru	unk
</Sentence>

<Sentence id="22">
1	--	unk
2	peVxapalakalUru	unk
</Sentence>

<Sentence id="23">
1	--	unk
2	joVnnalagadda	unk
</Sentence>

<Sentence id="24">
1	--	unk
2	goraMtla	unk
3	(	unk
4	guMtUru	unk
5	maMdalaM	unk
6	)	unk
8	--	unk
9	nallapAdu	unk
10	(	unk
11	grAmINa	unk
12	)	unk
14	--	unk
15	nallaguMta	unk
</Sentence>

<Sentence id="25">
1	--	unk
2	guMtUru	unk
3	(	unk
4	grAmINa	unk
5	)	unk
7	--	unk
8	akkireVddipAleVM	unk
9	(	unk
10	grAmINa	unk
11	)	unk
13	--	unk
14	poVwwUru	unk
</Sentence>

<Sentence id="26">
1	--	unk
2	cOdavaraM	unk
</Sentence>

<Sentence id="27">
1	--	unk
2	etukUru	unk
</Sentence>

<Sentence id="28">
1	--	unk
2	budaMpAdu	unk
</Sentence>

<Sentence id="29">
1	--	unk
2	lAlupuraM	unk
</Sentence>

<Sentence id="30">
1	puttina	unk
2	mahAbaleSvar	unk
3	nuMdi	unk
4	135	unk
5	ki.	unk
6	mI.	unk
7	la	unk
8	xUraMlo	unk
9	koVyinA	unk
10	naxini	unk
11	wanalo	unk
12	kalupukuMtuMxi	unk
13	.	unk
</Sentence>

<Sentence id="31">
1	upanaxulu	unk
2	annitiwo	unk
3	kalipina	unk
4	kqRNA	unk
5	naxI	unk
6	vyavasWa	unk
7	yoVkka	unk
8	moVwwaM	unk
9	parIvAhaka	unk
10	prAMwaM	unk
11	2,56,000	unk
12	ca.	unk
13	ki.	unk
14	mI.	unk
15	iMxulo	unk
16	mUdu	unk
17	parIvAhaka	unk
18	.	unk
</Sentence>

<Sentence id="32">
1	rARtrAla	unk
2	vAtA	unk
3	ilA	unk
4	uMxi	unk
5	:	unk
</Sentence>

<Sentence id="33">
1	--	unk
2	mahArARtra	unk
3	:	unk
4	26.8	unk
5	%	unk
</Sentence>

<Sentence id="34">
1	--	unk
2	karNAtaka	unk
3	:	unk
4	43.8	unk
5	%	unk
</Sentence>

<Sentence id="35">
1	--	unk
2	AMXra	unk
3	praxeS	unk
4	:	unk
5	29.4	unk
6	%	unk
</Sentence>

<Sentence id="36">
1	--	unk
2	SrISElaM	unk
3	:	unk
4	xvAxaSa	unk
5	jyowirliMgAlalo	unk
6	oVkatEna	unk
7	AlayaM	unk
8	.	unk
</Sentence>

<Sentence id="37">
1	prasixXa	unk
2	SivakRewramEna	unk
3	SrISElaMlo	unk
4	BramarAMba	unk
5	,	unk
6	mallikArjuna	unk
7	svAmi	unk
8	koVluvE	unk
9	unnAru	unk
10	.	unk
</Sentence>

<Sentence id="38">
1	xvAxaSa	unk
2	jyowirliMgAlalo	unk
3	oVkati	unk
4	,	unk
5	SrISElaM	unk
6	.	unk
</Sentence>

<Sentence id="39">
1	--	unk
2	AlaMpUr	unk
3	:	unk
4	aRtAXaSa	unk
5	Sakwi	unk
6	pITAlalo	unk
7	oVkatEna	unk
8	AlayaM	unk
9	,	unk
10	navabrahma	unk
11	AlayAlu	unk
12	moVxalagu	unk
13	xevAlaya	unk
14	samuxAyAlunna	unk
15	AlaMpUr	unk
16	cAlYukya	unk
17	rAjula	unk
18	Alaya	unk
19	Silpa	unk
20	nirmANAniki	unk
21	axxaM	unk
22	padawAyi	unk
23	.	unk
</Sentence>

<Sentence id="40">
1	--	unk
2	SrIxurgA	unk
3	malleSvara	unk
4	svAmi	unk
5	kRewraM	unk
6	(	unk
7	kanakaxurga	unk
8	)	unk
9	-	unk
10	vijayavAda	unk
</Sentence>

<Sentence id="41">
1	--	unk
2	amarAvawi	unk
3	:	unk
4	amarArAmaM	unk
5	ikkada	unk
6	Sivudu	unk
7	amaraliMgeSvara	unk
8	svAmi	unk
9	gA	unk
10	pUjalaMxukuMtAdu	unk
11	.	unk
</Sentence>

<Sentence id="42">
1	bOxXula	unk
2	ArAmalaku	unk
3	kUdA	unk
4	ixi	unk
5	prasixXi	unk
6	.	unk
</Sentence>

<Sentence id="43">
1	--	unk
2	mopixevi	unk
3	:	unk
4	I	unk
5	prasixXa	unk
6	kRewramulo	unk
7	nAga	unk
8	pUjalu	unk
9	ceswAru	unk
10	.	unk
</Sentence>

<Sentence id="44">
1	karNAtaka	unk
</Sentence>

<Sentence id="45">
1	--	unk
2	alamatti	unk
3	prAjeVktu	unk
</Sentence>

<Sentence id="46">
1	--	unk
2	nArAyaNapUr	unk
3	prAjeVktu	unk
</Sentence>

<Sentence id="47">
1	SIwAkAlaMlo	unk
2	callagAnU	unk
3	poVdigAnu	unk
4	,	unk
5	sarAsari	unk
6	uRNograwa	unk
7	25	unk
8	seV.	unk
9	gre.	unk
10	nu	unk
11	kaligi	unk
12	vunnavi	unk
13	.	unk
</Sentence>

<Sentence id="48">
1	I	unk
2	adavula	unk
3	varRapunIru	unk
4	guMdlakamma	unk
5	naxilo	unk
6	kaluswAyi	unk
7	.	unk
</Sentence>

<Sentence id="49">
1	seVpteVMbar	unk
2	2	unk
3	,	unk
4	2009	unk
</Sentence>

<Sentence id="50">
1	2	unk
2	,	unk
3	seVpteVMbar	unk
4	2009	unk
</Sentence>

<Sentence id="51">
1	2009	unk
2	,	unk
3	seVpteVMbar	unk
4	2	unk
</Sentence>

<Sentence id="52">
1	Fri	unk
2	,	unk
3	22	unk
4	May	unk
5	1998	unk
</Sentence>

<Sentence id="53">
1	24:02:1979	unk
</Sentence>

<Sentence id="54">
1	24.02.1979	unk
</Sentence>

<Sentence id="55">
1	24/02/1979	unk
</Sentence>

<Sentence id="56">
1	24/Feb	unk
2	1979	unk
</Sentence>

<Sentence id="57">
1	24	unk
2	Feb	unk
3	1979	unk
</Sentence>

<Sentence id="58">
1	24	unk
2	Feb	unk
3	,	unk
4	1979	unk
</Sentence>

<Sentence id="59">
1	40	unk
2	$	unk
3	kosaM	unk
4	.	unk
</Sentence>

<Sentence id="60">
1	40	unk
2	#	unk
3	kosaM	unk
4	.	unk
</Sentence>

<Sentence id="61">
1	40	unk
2	%	unk
3	kosaM	unk
4	.	unk
</Sentence>

<Sentence id="62">
1	2	unk
2	^	unk
3	3	unk
4	=	unk
5	8	unk
6	.	unk
</Sentence>

<Sentence id="63">
1	<	unk
2	3	unk
3	*	unk
4	3	unk
5	+	unk
6	9	unk
7	=	unk
8	18	unk
9	>	unk
10	.	unk
</Sentence>

<Sentence id="64">
1	type	unk
2	of	unk
3	numbers	unk
4	:	unk
5	20.09	unk
6	,	unk
7	.09	unk
8	,	unk
9	0.001	unk
10	,	unk
11	10,001.09	unk
12	,	unk
13	4,45,100	unk
14	,	unk
15	50670	unk
</Sentence>

<Sentence id="65">
1	7	unk
2	Fri	unk
3	May	unk
4	22	unk
5	12:21:28	unk
6	1998	unk
</Sentence>

<Sentence id="66">
1	10.0.0.21:3128	unk
</Sentence>

<Sentence id="67">
1	10.0.0.21	unk
</Sentence>

<Sentence id="68">
1	(	unk
2	8.6.12/8.6.9	unk
3	)	unk
5	(	unk
6	8.6.12-8.6.9	unk
7	)	unk
9	1/2	unk
10	aMte	unk
11	0.5	unk
12	.	unk
</Sentence>

<Sentence id="69">
1	(	unk
2	1123	unk
3	janavari	unk
4	9	unk
5	)	unk
7	3:4	unk
8	oVka	unk
9	viBAjya	unk
10	saMkya	unk
11	.	unk
</Sentence>

<Sentence id="70">
1	adavi	unk
2	maniRi	unk
3	peVlYlAM	unk
</Sentence>

<Sentence id="71">
1	----------------------	unk
</Sentence>

<Sentence id="72">
1	"	unk
2	uMxo	unk
3	lexo	unk
4	,	unk
5	ikkada	unk
6	+	unk
7	eVlA	unk
8	weVluswuMxi.....iMtikI	unk
9	paxa	unk
10	"	unk
11	annAdu	unk
12	reVMdo	unk
13	varwakudu	unk
14	.	unk
</Sentence>

<Sentence id="73">
1	"	unk
2	uMxo	unk
3	lexo	unk
4	,	unk
5	ikkada	unk
6	+	unk
7	eVlA	unk
8	weVluswuMxi...iMtikI	unk
9	paxa	unk
10	"	unk
11	annAdu	unk
12	reVMdo	unk
13	varwakudu	unk
14	.	unk
</Sentence>

<Sentence id="74">
1	"	unk
2	uMxo	unk
3	lexo	unk
4	,	unk
5	ikkada	unk
6	+	unk
7	eVlA	unk
8	weVluswuMxi..iMtikI	unk
9	paxa	unk
10	"	unk
11	annAdu	unk
12	reVMdo	unk
13	varwakudu	unk
14	.	unk
</Sentence>

<Sentence id="75">
1	alanAti	unk
2	dAn	unk
3	(	unk
4	ju	unk
5	)	unk
6	vAn	unk
7	.	unk
</Sentence>

<Sentence id="76">
1	mAvAdu	unk
2	(	unk
3	anagA	unk
4	mA	unk
5	cuttaM	unk
6	)	unk
7	wanakI	unk
8	maXya	unk
9	warucugA	unk
10	kanipiswunnAtta	unk
11	,	unk
12	neneVMxu	unk
13	cewano	unk
14	kanipiMcilexata	unk
15	.	unk
</Sentence>

<Sentence id="77">
1	neneVkkada	unk
2	uMtunnAnonata	unk
3	?	unk
</Sentence>

<Sentence id="78">
1	A	unk
2	viRayaM	unk
3	guriMci	unk
4	....	unk
5	axemitaMte	unk
6	....	unk
7	oVkkoVkkasAri	unk
8	,	unk
9	oVkkoVkka	unk
10	maniRini	unk
11	cUswe	unk
12	mIku	unk
13	anipiswuMxo	unk
14	lexo	unk
15	-	unk
16	axi	unk
17	iMtyURane	unk
18	anukoMdi	unk
19	.	unk
</Sentence>

<Sentence id="79">
1	leka	unk
2	gAdixagudde	unk
3	anukoMdi-	unk
4	"	unk
5	ayiwIrAli	unk
6	.	unk
</Sentence>

<Sentence id="80">
1	vIni	unk
2	BArya	unk
3	oVka	unk
4	BUloka	unk
5	suMxari	unk
6	"	unk
7	anipiswuMxi	unk
8	.	unk
</Sentence>

<Sentence id="81">
1	"	unk
2	maniRi	unk
3	ani	unk
4	weVlusukoMdi	unk
5	cAlu	unk
6	!	unk
7	"	unk
8	aMxi	unk
9	AmeV	unk
10	.	unk
</Sentence>

<Sentence id="82">
1	osi	unk
2	nI	unk
3	xuMpaweVga	unk
4	!	unk
</Sentence>

<Sentence id="83">
1	"	unk
2	xurmArgaM	unk
3	aMwA	unk
4	nAxI	unk
5	.	unk
</Sentence>

<Sentence id="84">
1	nI	unk
2	PreVMdu	unk
3	....	unk
4	maMcivAde	unk
5	....	unk
6	"	unk
</Sentence>

<Sentence id="85">
1	[	unk
2	1	unk
3	]	unk
4	vijayanagara	unk
5	sAmrAjyamu	unk
6	vicCinnamEnapudu	unk
7	,	unk
8	paxihedava	unk
9	SawAbxaM	unk
10	maXya	unk
11	prAMwaMlo	unk
12	abxullA	unk
13	kuwub	unk
14	RA	unk
15	senAni	unk
16	mIr	unk
17	jumlA	unk
18	kumAra	unk
19	wimmAnAyuniki	unk
20	maMwri	unk
21	poVxili	unk
22	liMganna	unk
23	xvArA	unk
24	viRa	unk
25	prayogamu	unk
26	ceyiMci	unk
27	I	unk
28	kotanu	unk
29	svAXIna	unk
30	paracukoVnnAdu	unk
31	.	unk
</Sentence>

<Sentence id="86">
1	gaMdikota	unk
2	vijayanagara	unk
3	sAmrAjya	unk
4	kAlamulo	unk
5	uxayagiri	unk
6	maMdalamu	unk
7	(	unk
8	prAMwamu	unk
9	)	unk
10	loni	unk
11	oVka	unk
12	sImaku	unk
13	rAjaXAnigA	unk
14	uMdexi	unk
15	.	unk
</Sentence>

<Sentence id="87">
1	16va	unk
2	SawAbxapu	unk
3	reVMdava	unk
4	arXaBAgamulo	unk
5	gaMdikotanu	unk
6	peVmmasAni	unk
7	nAyakulu	unk
8	wimmAnAyudu	unk
9	,	unk
10	rAmaliMganAyudu	unk
11	vijayanagara	unk
12	rAjula	unk
13	sAmaMwulugA	unk
14	pAliMcAru	unk
15	.	unk
</Sentence>

<Sentence id="88">
1	gaMdikota	unk
2	jammalamadugu	unk
3	nuMci	unk
4	padamaragA	unk
5	xAxApu	unk
6	Aru	unk
7	mElYlYa	unk
8	xUraMlo	unk
9	oVka	unk
10	parvawa	unk
11	SreNipE	unk
12	14-49	unk
13	'	unk
14	uwwara	unk
15	akRAMSamu	unk
16	,	unk
17	79-17	unk
18	'	unk
19	wUrpu	unk
20	reKAMSamula	unk
21	vaxxa	unk
22	unnaxi	unk
23	.	unk
</Sentence>

<Sentence id="89">
1	raMganAWAlayaM	unk
2	:	unk
3	I	unk
4	AlayaM	unk
5	guriMcina	unk
6	moVttamoVxati	unk
7	praswAvana	unk
8	Sa.1479	unk
9	(	unk
10	krI.Sa.1557	unk
11	)	unk
12	nAti	unk
13	oVka	unk
14	SAsanaMlo	unk
15	kanipiswuMxi	unk
16	.	unk
</Sentence>

<Sentence id="90">
1	"	unk
2	alAgA	unk
3	..	unk
4	!	unk
5	maMcixi	unk
6	svAmI	unk
7	..	unk
8	nenoVka	unk
9	cinna	unk
10	praSna	unk
11	veswAnu	unk
12	.	unk
</Sentence>

<Sentence id="91">
1	javAbu	unk
2	ceVppagalarA	unk
3	..	unk
4	?	unk
5	"	unk
</Sentence>

<Sentence id="92">
1	XarmA	unk
2	:	unk
3	{	unk
4	Alocanawo	unk
5	}	unk
6	neVlA	unk
7	neVnlA	unk
8	paxirojulayinaxi	unk
9	.	unk
</Sentence>

<Sentence id="93">
1	rANi	unk
2	:	unk
3	bAbu	unk
4	!	unk
5	pATaSAla	unk
6	weVrYaci	unk
7	yeVnnAllYayinaxi	unk
8	?	unk
</Sentence>

<Sentence id="94">
1	ixi	unk
2	jAwIya	unk
3	sagatu	unk
4	akRarAsyawa	unk
5	kaMte	unk
6	(	unk
7	59.5	unk
8	%	unk
9	)	unk
10	eVkkuva	unk
11	.	unk
</Sentence>

<Sentence id="95">
1	xarSiMcavalasina	unk
2	praxeSAlu	unk
</Sentence>

<Sentence id="96">
1	SqMgerilo	unk
2	muKyamEna	unk
3	xarSanIya	unk
4	viSeRAlu	unk
</Sentence>

<Sentence id="97">
1	1.SAraxAMba	unk
2	xevAlayaM	unk
</Sentence>

<Sentence id="98">
1	2.vixyASaMkara	unk
2	xevAlayaM	unk
</Sentence>

<Sentence id="99">
1	3.Axi	unk
2	SaMkurala	unk
3	xevAlayaM	unk
</Sentence>

<Sentence id="100">
1	4.narasiMhavanaM	unk
</Sentence>

<Sentence id="101">
1	5.wuMga	unk
2	naxi	unk
</Sentence>

<Sentence id="102">
1	janavari	unk
2	24	unk
3	,	unk
4	1757lo	unk
5	bussI	unk
6	boVbbilipE	unk
7	cesina	unk
8	xAdi	unk
9	BArawa	unk
10	cariwralo	unk
11	oVka	unk
12	marapurAni	unk
13	GattaM	unk
14	.	unk
</Sentence>

<Sentence id="103">
1	avannI	unk
2	kalasi	unk
3	meVlasi	unk
4	brawukuwU	unk
5	..	unk
6	eVMdA	unk
7	,	unk
8	vAnA	unk
9	wedA	unk
10	lekuMdA	unk
11	..	unk
12	eVra	unk
13	poVrupulu	unk
14	rAkuMdA	unk
15	kalakAlaM	unk
16	callagA	unk
17	jIviswunnAyi	unk
18	.	unk
</Sentence>

<Sentence id="104">
1	1835va	unk
2	saMvawsaraMlo	unk
3	sWApiMcina	unk
4	maxrAsu	unk
5	kalYASAla	unk
6	BArawa	unk
7	upaKaMdaMlone	unk
8	purAwana	unk
9	kAlYASAla	unk
10	[	unk
11	9	unk
12	]	unk
13	.	unk
</Sentence>

<Sentence id="105">
1	I	unk
2	machine	unk
3	IP	unk
4	192.168.1.190	unk
5	.	unk
</Sentence>

<Sentence id="106">
1	nA	unk
2	email	unk
3	:	unk
4	rashid101b@gmail.com	unk
5	.	unk
</Sentence>

<Sentence id="107">
1	nA	unk
2	email	unk
3	:	unk
4	9966443729@gmail.com	unk
5	.	unk
</Sentence>

<Sentence id="108">
1	nA	unk
2	email	unk
3	:	unk
4	rashid.ahmed@research.iiit.ac.in	unk
5	.	unk
</Sentence>

<Sentence id="109">
1	nA	unk
2	email	unk
3	:	unk
4	rashid101b@gmail.com	unk
5	.	unk
</Sentence>

<Sentence id="110">
1	nI	unk
2	email	unk
3	:	unk
4	rams123kl@gmail.com	unk
5	.	unk
</Sentence>

<Sentence id="111">
1	nA	unk
2	emailः__email__1	unk
3	.	unk
</Sentence>

<Sentence id="112">
1	nA	unk
2	mobile	unk
3	no	unk
4	:	unk
5	+	unk
6	91-965-201-1464	unk
7	.	unk
</Sentence>

<Sentence id="113">
1	nA	unk
2	mobile	unk
3	no:04023010564	unk
4	.	unk
</Sentence>

<Sentence id="114">
1	nA	unk
2	mobile	unk
3	no:040-23010564	unk
4	.	unk
</Sentence>

<Sentence id="115">
1	nA	unk
2	mobile	unk
3	no	unk
4	:	unk
5	+	unk
6	91-40-23010564	unk
7	.	unk
</Sentence>

<Sentence id="116">
1	nA	unk
2	mobile	unk
3	no	unk
4	:	unk
5	+	unk
6	919652011464	unk
7	.	unk
</Sentence>

<Sentence id="117">
1	nA	unk
2	mobile	unk
3	no	unk
4	:	unk
5	+	unk
6	91-9652011464	unk
</Sentence>

<Sentence id="118">
1	nA	unk
2	mobile	unk
3	no:09652011464	unk
4	.	unk
</Sentence>

<Sentence id="119">
1	nA	unk
2	website	unk
3	:	unk
4	www.rashid.com	unk
5	.	unk
</Sentence>

<Sentence id="120">
1	nA	unk
2	website	unk
3	:	unk
4	http://www.rashid.com	unk
5	.	unk
</Sentence>

<Sentence id="121">
1	nA	unk
2	website	unk
3	:	unk
4	http://rashid.com	unk
5	.	unk
</Sentence>

<Sentence id="122">
1	nA	unk
2	website	unk
3	:	unk
4	https://rashid.com	unk
5	.	unk
</Sentence>

<Sentence id="123">
1	nA	unk
2	website	unk
3	:	unk
4	__weblink__1/	unk
5	.	unk
</Sentence>

<Sentence id="124">
1	nA	unk
2	website	unk
3	:	unk
4	http://rashid.in	unk
5	.	unk
</Sentence>

<Sentence id="125">
1	nA	unk
2	website	unk
3	:	unk
4	http://rashid.org	unk
5	.	unk
</Sentence>

<Sentence id="126">
1	nA	unk
2	website	unk
3	:	unk
4	http://rashid.com/mypage.html	unk
5	.	unk
</Sentence>

<Sentence id="127">
1	nA	unk
2	website	unk
3	:	unk
4	http://rashid.com/mypage.php	unk
5	.	unk
</Sentence>

<Sentence id="128">
1	nA	unk
2	website	unk
3	:	unk
4	http://rashid.com	unk
5	.	unk
</Sentence>

<Sentence id="129">
1	nI	unk
2	website	unk
3	:	unk
4	http://rams.com	unk
5	.	unk
</Sentence>

