<Sentence id="1">
1	ਗੁੱਸੇ	unk
2	'ਚ	unk
3	ਉਹ	unk
4	ਕਿਸੇ	unk
5	ਨੂੰ	unk
6	ਵੀ	unk
7	ਪੁੱਠਾ	unk
8	-JOIN	unk
9	ਸਿੱਧਾ	unk
10	ਬੋਲ	unk
11	ਦਿੰਦਾ	unk
12	ਹੈ	unk
13	।	unk
</Sentence>

<Sentence id="2">
1	'ਚ	unk
2	ਉਹ	unk
3	ਕਿਸੇ	unk
4	ਨੂੰ	unk
5	ਵੀ	unk
6	ਪੁੱਠਾ	unk
7	-JOIN	unk
8	ਸਿੱਧਾ	unk
9	ਬੋਲ	unk
10	ਦਿੰਦਾ	unk
11	ਹੈ	unk
12	।	unk
</Sentence>

<Sentence id="3">
1	ਰੋਗੀ	unk
2	ਕਿਰਿਆ	unk
3	-JOIN	unk
4	ਰਹਿਤ	unk
5	ਅਵਸਥਾ	unk
6	ਵਿੱਚ	unk
7	ਬਿਸਤਰੇ	unk
8	'ਤੇ	unk
9	ਪਿਆ	unk
10	ਹੈ	unk
11	।	unk
</Sentence>

<Sentence id="4">
1	ਉਹ	unk
2	ਸਵੇਰੇ	unk
3	-JOIN	unk
4	ਸਵੇਰੇ	unk
5	ਮੱਝ	unk
6	ਦਾ	unk
7	ਦੁੱਧ	unk
8	'ਚੋ	unk
9	ਲੈਂਦੀ	unk
10	ਹੈ	unk
11	।	unk
</Sentence>

<Sentence id="5">
1	ਉਹ	unk
2	ਸਵੇਰੇ	unk
3	-	unk
4	ਸਵੇਰੇ	unk
5	ਮੱਝ	unk
6	ਦਾ	unk
7	ਦੁੱਧ	unk
8	'ਚੋ	unk
9	ਲੈਂਦੀ	unk
10	ਹੈ	unk
11	।	unk
</Sentence>

<Sentence id="6">
1	ਉਹ	unk
2	ਸਵੇਰੇ	unk
3	-	unk
4	ਸਵੇਰੇ	unk
5	ਮੱਝ	unk
6	ਦਾ	unk
7	ਦੁੱਧ	unk
8	'ਚੋ	unk
9	ਲੈਂਦੀ	unk
10	ਹੈ	unk
11	।	unk
</Sentence>

