<Sentence id="1">
1	हिन्दूस्तान	unk
2	हमारा	unk
3	देश	unk
4	है	unk
5	|	unk
</Sentence>

<Sentence id="2">
1	मेरा	unk
2	नाम	unk
3	राशिद	unk
4	अहमद	unk
5	है	unk
6	।	unk
</Sentence>

<Sentence id="3">
1	राशिद	unk
2	जब	unk
3	परीक्षा	unk
4	में	unk
5	उत्तीर्ण	unk
6	हुआ	unk
7	;	unk
8	तो	unk
9	खुशियां	unk
10	मनाई	unk
11	गई	unk
12	;	unk
13	मिठाइयां	unk
14	बांटी	unk
15	गई	unk
16	।	unk
</Sentence>

<Sentence id="4">
1	जीवन	unk
2	के	unk
3	रंग	unk
4	:	unk
5	हँसी	unk
6	,	unk
7	खुशी	unk
8	और	unk
9	गम	unk
10	।	unk
</Sentence>

<Sentence id="5">
1	तुम	unk
2	कब	unk
3	आये	unk
4	?	unk
</Sentence>

<Sentence id="6">
1	कैकयी	unk
2	ने	unk
3	कहा	unk
4	-	unk
5	(	unk
6	सक्रोध	unk
7	)	unk
8	चली	unk
9	जा	unk
10	मंथरा	unk
11	।	unk
</Sentence>

<Sentence id="7">
1	स्वतंत्रता	unk
2	मेरा	unk
3	जन्म	unk
4	सिध्द	unk
5	अधिकार	unk
6	है	unk
7	-	unk
8	तिलक	unk
9	।	unk
</Sentence>

<Sentence id="8">
1	पृथ्वीराज	unk
2	रासो	unk
3	-	unk
4	चंदबरदाई	unk
5	।	unk
</Sentence>

<Sentence id="9">
1	माता	unk
2	-JOIN	unk
3	पिता	unk
4	का	unk
5	आदर	unk
6	करो	unk
7	।	unk
</Sentence>

<Sentence id="10">
1	धर्म	unk
2	-JOIN	unk
3	अधर्म	unk
4	को	unk
5	समझो	unk
6	।	unk
</Sentence>

<Sentence id="11">
1	रात	unk
2	-JOIN	unk
3	दिन	unk
4	काम	unk
5	मत	unk
6	करो	unk
7	।	unk
</Sentence>

<Sentence id="12">
1	'	unk
2	सुभाष	unk
3	'	unk
4	ने	unk
5	कहा	unk
6	-	unk
7	"	unk
8	तुम	unk
9	मुझे	unk
10	खून	unk
11	दो	unk
12	,	unk
13	मैं	unk
14	तुम्हें	unk
15	आजादी	unk
16	दूंगा	unk
17	।	unk
18	"	unk
</Sentence>

<Sentence id="13">
1	रमेश	unk
2	कुमार	unk
3	कक्षा	unk
4	११वीं	unk
5	का	unk
6	छात्र	unk
7	है	unk
8	.	unk
</Sentence>

<Sentence id="14">
1	रमेश	unk
2	कुमार	unk
3	कक्षा	unk
4	११	unk
5	वीं	unk
</Sentence>

<Sentence id="15">
1	दिनेश	unk
2	कुमार	unk
3	--	unk
4	,	unk
5	,	unk
6	----	unk
7	,	unk
8	,	unk
9	--	unk
</Sentence>

<Sentence id="16">
1	जितेन्द्र	unk
2	अग्रवाल	unk
3	।	unk
</Sentence>

<Sentence id="17">
1	ज्ञानेद्र	unk
2	--	unk
3	,	unk
4	,	unk
5	----	unk
6	,	unk
7	,	unk
8	--	unk
</Sentence>

<Sentence id="18">
1	तांगे	unk
2	की	unk
3	घोड़ी	unk
4	मर	unk
5	रही	unk
6	--------	unk
7	।	unk
</Sentence>

<Sentence id="19">
1	--------	unk
2	कर्ज	unk
3	था	unk
4	रहिमन	unk
5	पानी	unk
6	--------	unk
7	चून	unk
8	।	unk
</Sentence>

<Sentence id="20">
1	१२	unk
2	किलो	unk
3	चिनी	unk
4	तोलो	unk
5	।	unk
</Sentence>

<Sentence id="21">
1	१३	unk
2	जून	unk
3	,	unk
4	१९९९	unk
</Sentence>

<Sentence id="22">
1	४०	unk
2	,	unk
3	११९	unk
4	,	unk
5	५०	unk
6	पैसे	unk
7	।	unk
</Sentence>

<Sentence id="23">
1	इसका	unk
2	निर्माण	unk
3	1565	unk
4	ई.	unk
5	में	unk
6	'	unk
7	अकबर	unk
8	'	unk
9	ने	unk
10	करवाया	unk
11	था	unk
12	?	unk
</Sentence>

<Sentence id="24">
1	यहां	unk
2	बोली	unk
3	जाने	unk
4	वाली	unk
5	'	unk
6	मुख्य	unk
7	'	unk
8	भाषायें	unk
9	हैं	unk
10	:	unk
11	हिन्दी	unk
12	,	unk
13	उर्दू	unk
14	,	unk
15	पंजाबी	unk
16	,	unk
17	और	unk
18	अंग्रेज़ी	unk
19	।	unk
</Sentence>

<Sentence id="25">
1	भारत	unk
2	-JOIN	unk
3	भूटान	unk
4	तथा	unk
5	भारत	unk
6	-JOIN	unk
7	बांग्लादेश	unk
8	सरहद	unk
9	कुछ	unk
10	हिस्सों	unk
11	में	unk
12	असम	unk
13	से	unk
14	जुड़ी	unk
15	है	unk
16	।	unk
</Sentence>

<Sentence id="26">
1	यह	unk
2	शिमला	unk
3	से	unk
4	८.६०२	unk
5	ई.	unk
6	फुट	unk
7	ऊँचाई	unk
8	पर	unk
9	,	unk
10	१७	unk
11	कि.	unk
12	मी.	unk
13	दूर	unk
14	पर	unk
15	है	unk
16	।	unk
</Sentence>

<Sentence id="27">
1	बी.	unk
2	आर.	unk
3	हिल्स	unk
4	वन्य	unk
5	जीवों	unk
6	को	unk
7	सैलानियों	unk
8	के	unk
9	समक्ष	unk
10	लाती	unk
11	हैं	unk
12	।	unk
</Sentence>

<Sentence id="28">
1	बी.	unk
2	आर.	unk
3	हिल्स	unk
4	"	unk
5	वन्य	unk
6	"	unk
7	जीवों	unk
8	को	unk
9	सैलानियों	unk
10	के	unk
11	"	unk
12	समक्ष	unk
13	"	unk
14	लाती	unk
15	हैं	unk
16	।	unk
</Sentence>

<Sentence id="29">
1	वो	unk
2	मुझे	unk
3	बहुत	unk
4	मानता	unk
5	भी	unk
6	है	unk
7	;	unk
8	वो	unk
9	मेरी	unk
10	बुराई	unk
11	भी	unk
12	करता	unk
13	है	unk
14	|	unk
</Sentence>

<Sentence id="30">
1	यश	unk
2	-JOIN	unk
3	अपयश	unk
4	विधि	unk
5	हाथ	unk
6	।	unk
</Sentence>

<Sentence id="31">
1	ए.	unk
2	पी.	unk
3	जे.	unk
4	अब्दुल	unk
5	कलाम	unk
6	हमारे	unk
7	देश	unk
8	के	unk
9	राष्ट्रपति	unk
10	थें	unk
11	.	unk
</Sentence>

<Sentence id="32">
1	डॉ.	unk
2	राजेन्द्र	unk
3	प्रसाद	unk
4	भारत	unk
5	के	unk
6	दूसरे	unk
7	राष्ट्रपति	unk
8	थे	unk
9	।	unk
</Sentence>

<Sentence id="33">
1	पं.	unk
2	जवाहर	unk
3	लाल	unk
4	नेहरु	unk
5	।	unk
</Sentence>

<Sentence id="34">
1	मा.	unk
2	दिनानाथ	unk
3	पांडेय	unk
4	।	unk
</Sentence>

<Sentence id="35">
1	उदा.	unk
2	के	unk
3	लिये	unk
4	म.	unk
5	प्र.	unk
6	भारत	unk
7	का	unk
8	ह्रदय	unk
9	है	unk
10	।	unk
</Sentence>

<Sentence id="36">
1	नागरी	unk
2	प्रचारिणी	unk
3	सभा	unk
4	(	unk
5	ना.	unk
6	प्र.	unk
7	स.	unk
8	)	unk
10	वह	unk
11	घर	unk
12	चला	unk
13	गेया	unk
14	।	unk
</Sentence>

<Sentence id="37">
1	--	unk
2	x	unk
3	--	unk
4	x	unk
5	--	unk
</Sentence>

<Sentence id="38">
1	चारु	unk
2	चंद्र	unk
3	की	unk
4	चंचल	unk
5	किरणें	unk
</Sentence>

<Sentence id="39">
1	x	unk
2	x	unk
3	x	unk
4	x	unk
5	x	unk
6	x	unk
7	x	unk
8	x	unk
9	x	unk
10	x	unk
11	x	unk
12	x	unk
</Sentence>

<Sentence id="40">
1	स्वच्छ	unk
2	चांदनी	unk
3	बिछी	unk
4	हुई	unk
5	है	unk
6	।	unk
</Sentence>

<Sentence id="41">
1	शब्द	unk
2	भेद	unk
3	आठ	unk
4	प्रकार	unk
5	के	unk
6	होते	unk
7	है	unk
8	:-	unk
</Sentence>

<Sentence id="42">
1	समास	unk
2	के	unk
3	छह	unk
4	भेद	unk
5	है	unk
6	:-	unk
</Sentence>

<Sentence id="43">
1	कितनी	unk
2	बदबू	unk
3	है	unk
4	!	unk
</Sentence>

<Sentence id="44">
1	Hurrah	unk
2	!	unk
3	कितनी	unk
4	बदबू	unk
5	है	unk
6	.	unk
</Sentence>

<Sentence id="45">
1	छि	unk
2	!	unk
3	छि	unk
4	!	unk
5	कितनी	unk
6	बदबू	unk
7	है	unk
8	?	unk
</Sentence>

<Sentence id="46">
1	हाय	unk
2	राम	unk
3	!	unk
4	वह	unk
5	मर	unk
6	गेया	unk
7	।	unk
</Sentence>

<Sentence id="47">
1	अहा	unk
2	!	unk
3	कितना	unk
4	सुहावना	unk
5	मौसम	unk
6	है	unk
7	।	unk
</Sentence>

<Sentence id="48">
1	बल्ले	unk
2	!	unk
3	हम	unk
4	जीत	unk
5	गये	unk
6	।	unk
</Sentence>

<Sentence id="49">
1	उदारस्य	unk
2	तृणं	unk
3	वित्तं	unk
4	शूरस्य	unk
5	मरणं	unk
6	तृणम्	unk
7	।	unk
</Sentence>

<Sentence id="50">
1	विरक्तस्य	unk
2	तृणं	unk
3	भार्या	unk
4	निःस्पृहस्य	unk
5	तृणं	unk
6	जगत्	unk
7	।।	unk
</Sentence>

<Sentence id="51">
1	येषां	unk
2	न	unk
3	विद्या	unk
4	,	unk
5	न	unk
6	तपो	unk
7	,	unk
8	न	unk
9	दानं	unk
10	ज्ञानं	unk
11	न	unk
12	शीलं	unk
13	न	unk
14	गुणो	unk
15	न	unk
16	धर्मः	unk
17	।	unk
</Sentence>

<Sentence id="52">
1	ते	unk
2	मर्त्यलोके	unk
3	भुवि	unk
4	भारभूताः	unk
5	मनुष्यरूपेण	unk
6	मृगाश्चरन्ति	unk
7	।।	unk
</Sentence>

<Sentence id="53">
1	बे	unk
2	अदब	unk
3	आ	unk
4	गया	unk
5	,	unk
6	गुरूर	unk
7	तेरी	unk
8	आँखों	unk
9	में	unk
10	||	unk
</Sentence>

<Sentence id="54">
1	मेरा	unk
2	जन्म	unk
3	२४	unk
4	फरवरी	unk
5	,	unk
6	१९७९	unk
7	मे	unk
8	हुआ	unk
9	।	unk
</Sentence>

<Sentence id="55">
1	मेरा	unk
2	जन्म	unk
3	24	unk
4	Feb	unk
5	,	unk
6	1979	unk
7	मे	unk
8	हुआ	unk
9	।	unk
</Sentence>

<Sentence id="56">
1	मेरा	unk
2	जन्म	unk
3	24:02:1979	unk
4	मे	unk
5	हुआ	unk
6	।	unk
</Sentence>

<Sentence id="57">
1	मेरा	unk
2	जन्म	unk
3	24.02.1979	unk
4	मे	unk
5	हुआ	unk
6	।	unk
</Sentence>

<Sentence id="58">
1	मेरा	unk
2	जन्म	unk
3	24-02-1979	unk
4	मे	unk
5	हुआ	unk
6	।	unk
</Sentence>

<Sentence id="59">
1	मेरा	unk
2	जन्म	unk
3	24/02/1979	unk
4	मे	unk
5	हुआ	unk
6	।	unk
</Sentence>

<Sentence id="60">
1	मेरा	unk
2	जन्म	unk
3	24/Feb	unk
4	1979	unk
5	मे	unk
6	हुआ	unk
7	।	unk
</Sentence>

<Sentence id="61">
1	२	unk
2	*	unk
3	२	unk
4	=	unk
5	४	unk
</Sentence>

<Sentence id="62">
1	40	unk
2	#	unk
3	ke	unk
4	liye	unk
5	.	unk
</Sentence>

<Sentence id="63">
1	40	unk
2	$	unk
3	ke	unk
4	liye	unk
5	.	unk
</Sentence>

<Sentence id="64">
1	50	unk
2	%	unk
3	ke	unk
4	liye	unk
5	.	unk
</Sentence>

<Sentence id="65">
1	2	unk
2	^	unk
3	3	unk
4	=	unk
5	8	unk
6	.	unk
</Sentence>

<Sentence id="66">
1	<	unk
2	3	unk
3	*	unk
4	3	unk
5	+	unk
6	9	unk
7	=	unk
8	18	unk
9	>	unk
10	.	unk
</Sentence>

<Sentence id="67">
1	type	unk
2	of	unk
3	numbers	unk
4	:	unk
5	20.09	unk
6	,	unk
7	.09	unk
8	,	unk
9	0.001	unk
10	,	unk
11	10,001.09	unk
12	,	unk
13	4,45,100	unk
14	,	unk
15	50670	unk
16	।	unk
</Sentence>

<Sentence id="68">
1	1/2	unk
2	का	unk
3	मान	unk
4	0.5	unk
5	हैं	unk
6	।	unk
</Sentence>

<Sentence id="69">
1	3:4	unk
2	एक	unk
3	अनुपात	unk
4	हैं	unk
5	।	unk
</Sentence>

<Sentence id="70">
1	...	unk
2	जलो	unk
3	और	unk
4	प्रखरता	unk
5	से	unk
6	जलो	unk
7	।	unk
</Sentence>

<Sentence id="71">
1	जलते	unk
2	रहो	unk
3	...	unk
4	स्नेह	unk
5	इसमें	unk
6	अभी	unk
7	भारा	unk
8	होआ	unk
9	है	unk
10	।	unk
</Sentence>

<Sentence id="72">
1	...	unk
2	जलो	unk
3	और	unk
4	प्रखरता	unk
5	से	unk
6	जलो	unk
7	।	unk
</Sentence>

<Sentence id="73">
1	जलते	unk
2	रहो	unk
3	...	unk
4	स्नेह	unk
5	इसमें	unk
6	अभी	unk
7	भारा	unk
8	होआ	unk
9	है	unk
10	।	unk
</Sentence>

<Sentence id="74">
1	...	unk
2	जलो	unk
3	और	unk
4	प्रखरता	unk
5	से	unk
6	जलो	unk
7	।	unk
</Sentence>

<Sentence id="75">
1	जलते	unk
2	रहो	unk
3	..	unk
4	स्नेह	unk
5	इसमें	unk
6	अभी	unk
7	भारा	unk
8	होआ	unk
9	है	unk
10	।	unk
</Sentence>

<Sentence id="76">
1	...........	unk
2	जलो	unk
3	और	unk
4	प्रखरता	unk
5	से	unk
6	जलो	unk
7	।	unk
</Sentence>

<Sentence id="77">
1	जलते	unk
2	रहो	unk
3	...........	unk
4	स्नेह	unk
5	इसमें	unk
6	अभी	unk
7	भारा	unk
8	होआ	unk
9	है	unk
10	।	unk
</Sentence>

<Sentence id="78">
1	तुम	unk
2	(	unk
3	आम	unk
4	)	unk
5	मत	unk
6	खाना	unk
7	।	unk
</Sentence>

<Sentence id="79">
1	तुम	unk
2	[	unk
3	आम	unk
4	]	unk
5	मत	unk
6	खाना	unk
7	।	unk
</Sentence>

<Sentence id="80">
1	तुम	unk
2	{	unk
3	आम	unk
4	}	unk
5	मत	unk
6	खाना	unk
7	।	unk
</Sentence>

<Sentence id="81">
1	परा	unk
2	+	unk
3	जय	unk
4	=	unk
5	पराजय	unk
6	।	unk
</Sentence>

<Sentence id="82">
1	मेरी	unk
2	mchine	unk
3	का	unk
4	IP	unk
5	192.168.1.190	unk
6	है	unk
7	।	unk
</Sentence>

<Sentence id="83">
1	मेरा	unk
2	email	unk
3	:	unk
4	rashid101b@gmail.com	unk
5	है	unk
6	।	unk
</Sentence>

<Sentence id="84">
1	मेरा	unk
2	email	unk
3	:	unk
4	9966443729@gmail.com	unk
5	है	unk
6	।	unk
</Sentence>

<Sentence id="85">
1	मेरा	unk
2	email	unk
3	:	unk
4	rashid.ahmed@research.iiit.ac.in	unk
5	है	unk
6	।	unk
</Sentence>

<Sentence id="86">
1	मेरा	unk
2	email	unk
3	:	unk
4	rashid101b@gmail.com	unk
5	है	unk
6	।	unk
</Sentence>

<Sentence id="87">
1	तुमहारा	unk
2	email	unk
3	:	unk
4	rams123kl@gmail.com	unk
5	है	unk
6	।	unk
</Sentence>

<Sentence id="88">
1	मेरा	unk
2	website	unk
3	:	unk
4	www.rashid.com	unk
5	है	unk
6	।	unk
</Sentence>

<Sentence id="89">
1	मेरा	unk
2	website	unk
3	:	unk
4	http://www.rashid.com	unk
5	है	unk
6	।	unk
</Sentence>

<Sentence id="90">
1	मेरा	unk
2	website	unk
3	:	unk
4	http://rashid.com	unk
5	है	unk
6	।	unk
</Sentence>

<Sentence id="91">
1	मेरा	unk
2	website	unk
3	:	unk
4	https://rashid.com	unk
5	है	unk
6	।	unk
</Sentence>

<Sentence id="92">
1	मेरा	unk
2	website	unk
3	:	unk
4	__weblink__1/	unk
5	है	unk
6	।	unk
</Sentence>

<Sentence id="93">
1	मेरा	unk
2	website	unk
3	:	unk
4	http://rashid.in	unk
5	है	unk
6	।	unk
</Sentence>

<Sentence id="94">
1	मेरा	unk
2	website	unk
3	:	unk
4	http://rashid.org	unk
5	है	unk
6	।	unk
</Sentence>

<Sentence id="95">
1	मेरा	unk
2	website	unk
3	:	unk
4	http://rashid.com/mypage.html	unk
5	है	unk
6	।	unk
</Sentence>

<Sentence id="96">
1	मेरा	unk
2	website	unk
3	:	unk
4	http://rashid.com/mypage.php	unk
5	है	unk
6	।	unk
</Sentence>

<Sentence id="97">
1	मेरा	unk
2	website	unk
3	:	unk
4	http://rashid.com	unk
5	है	unk
6	।	unk
</Sentence>

<Sentence id="98">
1	तुमहारा	unk
2	website	unk
3	:	unk
4	http://rams.com	unk
5	है	unk
6	।	unk
</Sentence>

<Sentence id="99">
1	आज	unk
2	-JOIN	unk
3	कल	unk
4	हिन्दी	unk
5	-JOIN	unk
6	लेखन	unk
7	में	unk
8	पूर्ण	unk
9	विराम	unk
10	(	unk
11	।	unk
</Sentence>

<Sentence id="100">
1	)	unk
2	की	unk
3	जगह	unk
4	बिन्दी	unk
5	(	unk
6	:	unk
7	)	unk
8	का	unk
9	प्रयोग	unk
10	भी	unk
11	देखा	unk
12	जा	unk
13	रहा	unk
14	है	unk
15	।	unk
</Sentence>

<Sentence id="101">
1	1.1a	unk
2	शब्द	unk
3	भेद	unk
4	आठ	unk
5	प्रकार	unk
6	के	unk
7	होते	unk
8	है	unk
9	:-	unk
</Sentence>

<Sentence id="102">
1	संज्ञा	unk
2	के	unk
3	तीन	unk
4	मुख्य	unk
5	भेद	unk
6	हैं	unk
7	जेसे	unk
8	:-	unk
</Sentence>

<Sentence id="103">
1	1.1b	unk
2	माता	unk
3	-JOIN	unk
4	पिता	unk
5	का	unk
6	आदर	unk
7	करो	unk
8	।	unk
</Sentence>

<Sentence id="104">
1	1.1b	unk
2	धर्म	unk
3	-JOIN	unk
4	अधर्म	unk
5	को	unk
6	समझो	unk
7	।	unk
</Sentence>

<Sentence id="105">
1	1.1c	unk
2	स्वतंत्रता	unk
3	मेरा	unk
4	जन्म	unk
5	सिध्द	unk
6	अधिकार	unk
7	है	unk
8	-	unk
9	तिलक	unk
10	।	unk
</Sentence>

<Sentence id="106">
1	1.2	unk
2	20.1	unk
3	और	unk
4	3,00,205	unk
5	नम्बर	unk
6	के	unk
7	उधारण	unk
8	है	unk
9	।	unk
</Sentence>

<Sentence id="107">
1	1.2	unk
2	1-1-13	unk
3	,	unk
4	1.1.13	unk
5	,	unk
6	और	unk
7	1/1/13	unk
8	दिनाँक	unk
9	के	unk
10	उधारण	unk
11	है	unk
12	।	unk
</Sentence>

<Sentence id="108">
1	1.2	unk
2	20वा	unk
3	सम्मेलन	unk
4	है	unk
5	।	unk
</Sentence>

<Sentence id="109">
1	1.3	unk
2	जीव	unk
3	को	unk
4	दुःख	unk
5	नही	unk
6	दो	unk
7	।	unk
</Sentence>

<Sentence id="110">
1	1.3	unk
2	दुःख	unk
3	3:4	unk
4	website	unk
5	:	unk
6	https://rashid.com	unk
7	है	unk
8	|	unk
</Sentence>

