1	((	NP	<fs af='raMgaM,n,,sg,,,lo_kUdA,lo' head="raMgaMlo" vpos="vib1_2">
1.1	raMgaMlo	NN	<fs af='raMgaM,n,,sg,,,lo,lo' name="raMgaMlo">
	))		
