<Sentence id="1">
1	((	NP	<fs af='rAma,n,m,sg,3,d,0,0' head="rAma">
1.1	rAma	NNP	<fs af='rAma,n,m,sg,3,d,0,0' name="rAma">
	))		
2	((	RBP	<fs af='hameSA,adv,,,,,0_se,' head="hameSA" vpos="vib1_2_RP">
2.1	hameSA	RB	<fs af='hameSA,adv,,,,,,' name="hameSA">
2.2	hI	RP	<fs af='hI,adv,,,,,,' poslcat="NM">
	))		
3	((	VGF	<fs af='kara,v,m,sg,2,,wA_A+yA_hE,wA' head="karawA" vpos="tam1_2_3">
3.1	karawA	VM	<fs af='kara,v,m,sg,any,,wA,wA' name="karawA">
	))		
</Sentence>

