<Sentence id="1">
1	((	NP	<fs af='bAra,adv,,,,,,' head="bAra">
1.1	eka	QC	<fs af='eka,adj,any,any,,,any,'>
1.2	bAra	RP	<fs af='bAra,adv,,,,,,' name="bAra">
	))		
2	((	NP	<fs af='use,unk,,,,,,' head="use">
2.1	use	PRP	<fs af='use,unk,,,,,,' name="use">
	))		
3	((	JJP	<fs af='pawA,n,m,sg,,o,,' head="pawA">
3.1	pawA	JJ	<fs af='pawA,n,m,sg,,o,,' name="pawA">
	))		
4	((	VGF	<fs af='calA,v,any,any,any,,,d' head="calA">
4.1	calA	VM	<fs af='calA,v,any,any,any,,,d' name="calA">
	))		
5	((	CCP	<fs af='ki,Avy,,,,,,' head="ki">
5.1	ki	CC	<fs af='ki,Avy,,,,,,' name="ki">
	))		
6	((	NP	<fs af='rAjya,n,m,sg,,o,0_meM,' head="rAjya" vpos="vib1_2">
6.1	rAjya	NN	<fs af='rAjya,n,m,sg,,o,,' name="rAjya">
	))		
7	((	NP	<fs af='sO,n,m,sg,,o,,' head="sO">
7.1	wIna	QC	<fs af='wIna,n,m,sg,,o,,'>
7.2	sO	QC	<fs af='sO,n,m,sg,,o,,' name="sO">
	))		
8	((	VGF	<fs af='jagaheM,unk,,,,,,' head="jagaheM">
8.1	jagaheM	VM	<fs af='jagaheM,unk,,,,,,' name="jagaheM">
	))		
9	((	JJP	<fs af='KAlI,adj,f,any,,,any,' head="KAlI">
9.1	KAlI	JJ	<fs af='KAlI,adj,f,any,,,any,' name="KAlI">
9.2	hEM	VAUX	<fs af='hE,v,any,pl,1,,,hE'>
9.3	.	SYM	<fs af='&sdot;,punc,,,,,,'>
	))		
</Sentence>
<Sentence id="1">
1	((	NP	<fs af='saMskqwi,n,f,sg,,o,0_meM,' head="saMskqwi" vpos="vib2_3">
1.1	BArawIya	JJ	<fs af='BArawIya,n,m,sg,,o,,'>
1.2	saMskqwi	NN	<fs af='saMskqwi,n,f,sg,,o,,' name="saMskqwi">
	))		
2	((	NP	<fs af='parva,n,m,pl,,d,0_kA,' head="parvoM" vpos="vib1_2">
2.1	parvoM	NN	<fs af='parva,n,m,pl,,d,,' name="parvoM">
	))		
3	((	NP	<fs af='sWAna,n,m,sg,,o,,' head="sWAna">
3.1	viSeRa	JJ	<fs af='viSeRa,n,m,sg,,o,,'>
3.2	sWAna	NN	<fs af='sWAna,n,m,sg,,o,,' name="sWAna">
	))		
4	((	VGF	<fs af='hE,v,any,sg,2,,,hE' head="hE">
4.1	hE	VAUX	<fs af='hE,v,any,sg,2,,,hE' name="hE">
4.2	.	SYM	<fs af='&sdot;,punc,,,,,,'>
	))		
</Sentence>
<Sentence id="1">
1	((	NP	<fs af='vyApArI,n,m,sg,,o,0_ko,' head="vyApArI" vpos="vib2_3">
1.1	eka	QC	<fs af='eka,adj,any,any,,,any,'>
1.2	vyApArI	NN	<fs af='vyApArI,n,m,sg,,o,,' name="vyApArI">
	))		
2	((	NP	<fs af='nIMxa,n,f,sg,,o,,' head="nIMxa">
2.1	nIMxa	NN	<fs af='nIMxa,n,f,sg,,o,,' name="nIMxa">
	))		
3	((	VGF	<fs af='na,adv,,,,,,' head="na">
3.1	na	NEG	<fs af='na,adv,,,,,,' name="na">
	))		
4	((	VGNN	<fs af='A,v,m,sg,any,,0_kA+7,nA' head="Ane" vpos="tam1_2">
4.1	Ane	VM	<fs af='A,v,m,pl,any,,,nA' name="Ane">
	))		
5	((	NP	<fs af='bImArI,n,f,sg,,o,,' head="bImArI">
5.1	bImArI	NN	<fs af='bImArI,n,f,sg,,o,,' name="bImArI">
	))		
6	((	VGF	<fs af='WA,v,f,sg,any,,,WA' head="WI">
6.1	WI	VM	<fs af='WA,v,f,sg,any,,,WA' name="WI">
6.2	.	SYM	<fs af='&sdot;,punc,,,,,,'>
	))		
</Sentence>
<Sentence id="1">
1	((	NP	<fs af='bAra,adv,,,,,,' head="bAra">
1.1	eka	QC	<fs af='eka,adj,any,any,,,any,'>
1.2	bAra	RP	<fs af='bAra,adv,,,,,,' name="bAra">
	))		
2	((	NP	<fs af='piwA,n,m,sg,,o,,' head="piwA">
2.1	piwA	NN	<fs af='piwA,n,m,sg,,o,,' name="piwA">
	))		
3	((	NP	<fs af='apanI,n,f,sg,,o,,' head="apanI">
3.1	apanI	PRP	<fs af='apanI,n,f,sg,,o,,' name="apanI">
	))		
4	((	NP	<fs af='puwrI,n,f,pl,,d,0_se,' head="puwriyoM" vpos="vib2_3">
4.1	xonoM	NN	<fs af='xonA,n,m,pl,,d,,'>
4.2	puwriyoM	NN	<fs af='puwrI,n,f,pl,,d,,' name="puwriyoM">
	))		
5	((	VGNN	<fs af='mila,v,m,pl,any,,0_gayA,nA' head="milane" vpos="tam1_2">
5.1	milane	VM	<fs af='mila,v,m,pl,any,,,nA' name="milane">
5.2	.	SYM	<fs af='&sdot;,punc,,,,,,'>
	))		
</Sentence>
<Sentence id="1">
1	((	NP	<fs af='mahAvIra,adj,any,any,,,any,' head="mahAvIra" vpos="vib1">
1.1	mahAvIra	XC	<fs af='mahAvIra,adj,any,any,,,any,' name="mahAvIra">
	))		
2	((	VGF	<fs af='jayaMwI,n,f,sg,,o,,' head="jayaMwI">
2.1	jayaMwI	VM	<fs af='jayaMwI,n,f,sg,,o,,' name="jayaMwI">
	))		
3	((	NP	<fs af='Xarma,n,m,sg,,o,0_meM,' head="Xarma" vpos="vib2_3">
3.1	jEna	NN	<fs af='jEna,n,m,sg,,o,,'>
3.2	Xarma	NN	<fs af='Xarma,n,m,sg,,o,,' name="Xarma">
	))		
4	((	NP	<fs af='viSvAsa,n,m,sg,,o,,' head="viSvAsa">
4.1	viSvAsa	NN	<fs af='viSvAsa,n,m,sg,,o,,' name="viSvAsa">
	))		
5	((	VGNN	<fs af='kara,v,m,pl,any,,0_vAlA,nA' head="karane" vpos="tam1_2">
5.1	karane	VM	<fs af='kara,v,m,pl,any,,,nA' name="karane">
	))		
6	((	NP	<fs af='loga,n,m,pl,,d,0_kA,' head="logoM" vpos="vib1_2">
6.1	logoM	NN	<fs af='loga,n,m,pl,,d,,' name="logoM">
	))		
7	((	NP	<fs af='eka,adj,any,any,,,any,' head="eka" vpos="vib1">
7.1	eka	QC	<fs af='eka,adj,any,any,,,any,' name="eka">
	))		
8	((	NP	<fs af='pramuKa,n,m,sg,,o,,' head="pramuKa">
8.1	pramuKa	JJ	<fs af='pramuKa,n,m,sg,,o,,' name="pramuKa">
	))		
9	((	NP	<fs af='wyohAra,n,m,sg,,o,,' head="wyohAra">
9.1	wyohAra	NN	<fs af='wyohAra,n,m,sg,,o,,' name="wyohAra">
	))		
10	((	VGF	<fs af='hE,v,any,sg,2,,,hE' head="hE">
10.1	hE	VAUX	<fs af='hE,v,any,sg,2,,,hE' name="hE">
10.2	.	SYM	<fs af='&sdot;,punc,,,,,,'>
	))		
</Sentence>
<Sentence id="1">
1	((	NP	<fs af='yaha,pn,any,pl,3,o,,' head="ina">
1.1	ina	DEM	<fs af='yaha,pn,any,pl,3,o,,' name="ina">
	))		
2	((	NP	<fs af='pariyojanA,n,f,pl,,d,0_ko,' head="pariyojanAoM" vpos="vib1_2">
2.1	pariyojanAoM	NN	<fs af='pariyojanA,n,f,pl,,d,,' name="pariyojanAoM">
	))		
3	((	NP	<fs af='sArvajanika,adj,any,any,,,any,' head="sArvajanika" vpos="vib1">
3.1	sArvajanika	JJ	<fs af='sArvajanika,adj,any,any,,,any,' name="sArvajanika">
	))		
4	((	NP	<fs af='BAgIxArI,unk,,,,,0_meM,' head="BAgIxArI" vpos="vib2_3">
4.1	nijI	JJ	<fs af='nijI,n,f,sg,,o,,'>
4.2	BAgIxArI	NN	<fs af='BAgIxArI,unk,,,,,,' name="BAgIxArI">
	))		
5	((	JJP	<fs af='sWApiwa,n,m,sg,,o,,' head="sWApiwa">
5.1	sWApiwa	JJ	<fs af='sWApiwa,n,m,sg,,o,,' name="sWApiwa">
	))		
6	((	VGF	<fs af='kara,v,m,sg,2,,0_jAna_hE,yA' head="kiyA" vpos="tam1_2_3">
6.1	kiyA	VM	<fs af='kara,v,m,sg,any,,,yA' name="kiyA">
6.2	.	SYM	<fs af='&sdot;,punc,,,,,,'>
	))		
</Sentence>
<Sentence id="1">
1	((	NP	<fs af='bAjAra,n,m,pl,,d,0_kA,' head="bAjAroM" vpos="vib2_3">
1.1	Seyara	NNP	<fs af='Seyara,n,m,sg,,o,,'>
1.2	bAjAroM	NN	<fs af='bAjAra,n,m,pl,,d,,' name="bAjAroM">
	))		
2	((	VGF	<fs af='uTApataka,unk,,sg,,,0_kA+7,' head="uTApataka" vpos="tam1_2">
2.1	uTApataka	VM	<fs af='uTApataka,unk,,,,,,' name="uTApataka">
	))		
3	((	VGF	<fs af='cala,v,m,pl,any,,,wA' head="calawe">
3.1	calawe	VM	<fs af='cala,v,m,pl,any,,,wA' name="calawe">
	))		
4	((	NP	<fs af='vAkahArta,unk,,,,,,' head="vAkahArta">
4.1	vAkahArta	XC	<fs af='vAkahArta,unk,,,,,,' name="vAkahArta">
	))		
5	((	NP	<fs af='mUlya,n,m,sg,,o,0_ne,' head="mUlya" vpos="2_vib3">
5.1	hAspitala	NNP	<fs af='hAspitala,unk,,,,,,'>
5.2	mUlya	NN	<fs af='mUlya,n,m,sg,,o,,' name="mUlya">
	))		
6	((	NP	<fs af='xAyarA,n,m,pl,,o,0_meM,' head="xAyare" vpos="vib1_2">
6.1	xAyare	NN	<fs af='xAyarA,n,m,pl,,o,,' name="xAyare">
	))		
7	((	NP	<fs af='kamI,n,f,sg,,o,0_kA,' head="kamI" vpos="vib1_2">
7.1	kamI	NN	<fs af='kamI,n,f,sg,,o,,' name="kamI">
	))		
8	((	VGF	<fs af='WA,v,f,sg,any,,,WA' head="WI">
8.1	WI	VM	<fs af='WA,v,f,sg,any,,,WA' name="WI">
8.2	.	SYM	<fs af='&sdot;,punc,,,,,,'>
	))		
</Sentence>
<Sentence id="1">
1	((	NP	<fs af='spArtA,unk,,,,,0_kA,' head="spArtA" vpos="3_vib4">
1.1	grIsa	QC	<fs af='grIsa,unk,,,,,,'>
1.2	xeSa	NN	<fs af='xeSa,n,m,sg,,o,,'>
1.3	spArtA	NN	<fs af='spArtA,unk,,,,,,' name="spArtA">
	))		
2	((	NP	<fs af='rAjya,n,m,sg,,o,0_meM,' head="rAjya" vpos="vib1_2">
2.1	rAjya	NN	<fs af='rAjya,n,m,sg,,o,,' name="rAjya">
	))		
3	((	NP	<fs af='pidArtasa,unk,,,,,,' head="pidArtasa">
3.1	pidArtasa	XC	<fs af='pidArtasa,unk,,,,,,' name="pidArtasa">
	))		
4	((	NP	<fs af='nAma,n,m,sg,,o,0_kA,' head="nAma" vpos="vib1_2">
4.1	nAma	NN	<fs af='nAma,n,m,sg,,o,,' name="nAma">
	))		
5	((	NP	<fs af='eka,adj,any,any,,,any,' head="eka" vpos="vib1">
5.1	eka	QC	<fs af='eka,adj,any,any,,,any,' name="eka">
	))		
6	((	NP	<fs af='nOjavAna,n,m,sg,,o,,' head="nOjavAna">
6.1	nOjavAna	JJ	<fs af='nOjavAna,n,m,sg,,o,,' name="nOjavAna">
	))		
7	((	VGF	<fs af='raha,v,m,sg,any,,0_WA,wA' head="rahawA" vpos="tam1_2">
7.1	rahawA	VM	<fs af='raha,v,m,sg,any,,,wA' name="rahawA">
7.2	.	SYM	<fs af='&sdot;,punc,,,,,,'>
	))		
</Sentence>
<Sentence id="1">
1	((	NP	<fs af='samaya,n,m,sg,,o,,' head="samaya">
1.1	kuCa	QF	<fs af='kuCa,adj,any,any,,,o,'>
1.2	samaya	NN	<fs af='samaya,n,m,sg,,o,,' name="samaya">
	))		
2	((	NP	<fs af='jayaprakASa,unk,,,,,,' head="jayaprakASa">
2.1	pUrva	NST	<fs af='pUrva,adv,,,,,,'>
2.2	jayaprakASa	NN	<fs af='jayaprakASa,unk,,,,,,' name="jayaprakASa">
	))		
3	((	NP	<fs af='mAnasa,n,m,sg,,o,0_ne,' head="mAnasa" vpos="vib1_2">
3.1	mAnasa	NN	<fs af='mAnasa,n,m,sg,,o,,' name="mAnasa">
	))		
4	((	NP	<fs af='prakAra,n,m,sg,,o,0_kA,' head="prakAra" vpos="vib2_3">
4.1	isI	DEM	<fs af='isI,unk,,,,,,'>
4.2	prakAra	NN	<fs af='prakAra,n,m,sg,,o,,' name="prakAra">
	))		
5	((	NP	<fs af='sammelana,n,m,sg,,o,0_kA,' head="sammelana" vpos="vib2_3">
5.1	eka	QC	<fs af='eka,adj,any,any,,,any,'>
5.2	sammelana	NN	<fs af='sammelana,n,m,sg,,o,,' name="sammelana">
	))		
6	((	JJP	<fs af='saPala,n,m,sg,,o,,' head="saPala">
6.1	saPala	JJ	<fs af='saPala,n,m,sg,,o,,' name="saPala">
	))		
7	((	NP	<fs af='maMcana,n,m,sg,,o,,' head="maMcana">
7.1	maMcana	NN	<fs af='maMcana,n,m,sg,,o,,' name="maMcana">
	))		
8	((	VGF	<fs af='kara,v,m,sg,any,,0_WA,yA' head="kiyA" vpos="tam1_2">
8.1	kiyA	VM	<fs af='kara,v,m,sg,any,,,yA' name="kiyA">
8.2	.	SYM	<fs af='&sdot;,punc,,,,,,'>
	))		
</Sentence>
<Sentence id="1">
1	((	NP	<fs af='PitakarI,n,f,sg,,o,0_kA,' head="PitakarI" vpos="vib2_3">
1.1	sAXAraNa	JJ	<fs af='sAXAraNa,n,m,sg,,o,,'>
1.2	PitakarI	NN	<fs af='PitakarI,n,f,sg,,o,,' name="PitakarI">
	))		
2	((	NP	<fs af='rAsAyanika,adj,any,any,,,any,' head="rAsAyanika" vpos="vib1">
2.1	rAsAyanika	JJ	<fs af='rAsAyanika,adj,any,any,,,any,' name="rAsAyanika">
	))		
3	((	NP	<fs af='nAma,n,m,sg,,o,,' head="nAma">
3.1	nAma	NN	<fs af='nAma,n,m,sg,,o,,' name="nAma">
	))		
4	((	NP	<fs af='poteSiyama,unk,,,,,,' head="poteSiyama">
4.1	poteSiyama	NNP	<fs af='poteSiyama,unk,,,,,,' name="poteSiyama">
4.2	elyuminiyama	PRP	<fs af='elyuminiyama,unk,,,,,,'>
	))		
5	((	NP	<fs af='salPeta,unk,,,,,,' head="salPeta">
5.1	salPeta	NN	<fs af='salPeta,unk,,,,,,' name="salPeta">
	))		
6	((	VGF	<fs af='ho,v,m,pl,1,,0_hE,wA' head="howA" vpos="tam1_2">
6.1	howA	VM	<fs af='ho,v,m,sg,any,,,wA' name="howA">
6.2	.	SYM	<fs af='&sdot;,punc,,,,,,'>
	))		
</Sentence>
