<Sentence id="1">
1	((	NP	<fs af='niyaMwraNa,,m,s,,0,0,' head="niyaMwraNa">
1.1	niyaMwraNa	NN	<fs af='niyaMwraNa,,m,s,,0,0,' name="niyaMwraNa">
1.2	,	SYM	
	))		
2	((	NP	<fs af='aMkuraNa,,m,s,,1,0_kA_kAraNa,' head="aMkuraNa" vpos="vib1_2_3">
2.1	aMkuraNa	NN	<fs af='aMkuraNa,,m,s,,1,,' name="aMkuraNa">
	))		
3	((	NP	<fs af='samaya,,m,s,,0,0,' head="samaya">
3.1	samaya	NN	<fs af='samaya,,m,s,,0,0,' name="samaya">
	))		
4	((	VGF	<fs af='ho,,m,p,any,1,,nA' head="hone">
4.1	hone	VNN	<fs af='ho,,m,p,any,1,,nA' name="hone">
	))		
5	((	VGF	<fs af='ho,,m,s,any,1,nA_vAlI,nA' head="hone" vpos="tam1_2">
5.1	hone	VNN	<fs af='ho,,m,p,any,1,nA,nA' name="hone">
	))		
6	((	VGNN	<fs af='ho,,m,s,any,1,nA_vAlI,nA' head="hone" vpos="tam1_2">
6.1	hone	VNN	<fs af='ho,,m,p,any,1,nA,nA' name="hone">
	))		
7	((	VGNF	<fs af='ho,,m,s,any,1,nA_vAlI,nA' head="hone" vpos="tam1_2">
7.1	hone	VNN	<fs af='ho,,m,p,any,1,nA,nA' name="hone">
	))		
8	((	NP	<fs af='hAni,,f,s,,1,0_ko,' head="hAni" vpos="vib1_2">
8.1	hAni	NN	<fs af='hAni,,f,s,,1,,' name="hAni">
	))		
9	((	NP	<fs af='bIjopacAra,,,,,1,0_xvArA,' head="bIjopacAra" vpos="vib2_3">
9.1	uciwa	JJ	<fs af='uciwa,,any,any,,any,,'>
9.2	bIjopacAra	NN	<fs af='bIjopacAra,,,,,1,,' name="bIjopacAra">
	))		
10	((	VGF	<fs af='roka,,f,s,m,,yA_jA_saka+wA_hE,' head="roka" vpos="tam1_2_3_4">
10.1	rokA	VFM	<fs af='roka,,m,s,any,,yA,' name="roka">
10.2	.	SYM	
	))		
11	((	VGF	<fs af='roka,,m,s,any,,yA,' head="roka">
11.1	rokA	VFM	<fs af='roka,,m,s,any,,yA,' name="roka">
11.2	.	SYM	
	))		
</Sentence>
