<Sentence id="1">
1	((	NP	
1.1	eka	QC	<fs af='eka,adj,any,any,,,any,'>
	))		
</Sentence>
